2026-10-09 11:23:40,257 - ==================================================
2026-10-09 11:23:40,257 - 线性回归任务开始
2026-10-09 11:23:40,257 - 数据量: 100 个样本
2026-10-09 11:23:40,277 - 真实参数: 偏置=4.00, 斜率=3.00
2026-10-09 11:23:40,278 - 开始训练，学习率=0.1，迭代次数=1000
2026-10-09 11:23:40,280 - 第100轮: loss=0.8075, theta=[4.1610, 2.8178]
2026-10-09 11:23:40,281 - 第200轮: loss=0.8066, theta=[4.2134, 2.7716]
2026-10-09 11:23:40,282 - 第300轮: loss=0.8066, theta=[4.2150, 2.7702]
2026-10-09 11:23:40,284 - 第400轮: loss=0.8066, theta=[4.2151, 2.7701]
2026-10-09 11:23:40,285 - 第500轮: loss=0.8066, theta=[4.2151, 2.7701]
2026-10-09 11:23:40,286 - 第600轮: loss=0.8066, theta=[4.2151, 2.7701]
2026-10-09 11:23:40,288 - 第700轮: loss=0.8066, theta=[4.2151, 2.7701]
2026-10-09 11:23:40,290 - 第800轮: loss=0.8066, theta=[4.2151, 2.7701]
2026-10-09 11:23:40,292 - 第900轮: loss=0.8066, theta=[4.2151, 2.7701]
2026-10-09 11:23:40,294 - 第1000轮: loss=0.8066, theta=[4.2151, 2.7701]
2026-10-09 11:23:40,294 - --------------------------------------------------
2026-10-09 11:23:40,294 - 训练结束
2026-10-09 11:23:40,294 - 学到的参数: 偏置=4.2151, 斜率=2.7701
2026-10-09 11:23:40,294 - 真实参数:   偏置=4.0000, 斜率=3.0000
2026-10-09 11:23:40,295 - 最终损失: 0.8066
2026-10-09 11:23:40,649 - 损失曲线已保存为 loss_curve.png
2026-10-09 11:23:40,649 - ==================================================
2026-10-09 11:25:33,799 - ==================================================
2026-10-09 11:25:33,800 - 线性回归任务开始
2026-10-09 11:25:33,800 - 数据量: 100 个样本
2026-10-09 11:25:33,800 - 真实参数: 偏置=4.00, 斜率=3.00
2026-10-09 11:25:33,800 - 开始训练，学习率=0.1，迭代次数=1000
2026-10-09 11:25:33,802 - 第100轮: loss=0.8075, theta=[4.1610, 2.8178]
2026-10-09 11:25:33,804 - 第200轮: loss=0.8066, theta=[4.2134, 2.7716]
2026-10-09 11:25:33,806 - 第300轮: loss=0.8066, theta=[4.2150, 2.7702]
2026-10-09 11:25:33,809 - 第400轮: loss=0.8066, theta=[4.2151, 2.7701]
2026-10-09 11:25:33,811 - 第500轮: loss=0.8066, theta=[4.2151, 2.7701]
2026-10-09 11:25:33,813 - 第600轮: loss=0.8066, theta=[4.2151, 2.7701]
2026-10-09 11:25:33,814 - 第700轮: loss=0.8066, theta=[4.2151, 2.7701]
2026-10-09 11:25:33,816 - 第800轮: loss=0.8066, theta=[4.2151, 2.7701]
2026-10-09 11:25:33,817 - 第900轮: loss=0.8066, theta=[4.2151, 2.7701]
2026-10-09 11:25:33,820 - 第1000轮: loss=0.8066, theta=[4.2151, 2.7701]
2026-10-09 11:25:33,820 - --------------------------------------------------
2026-10-09 11:25:33,821 - 训练结束
2026-10-09 11:25:33,821 - 学到的参数: 偏置=4.2151, 斜率=2.7701
2026-10-09 11:25:33,821 - 真实参数:   偏置=4.0000, 斜率=3.0000
2026-10-09 11:25:33,821 - 最终损失: 0.8066
2026-10-09 11:25:34,199 - 损失曲线已保存为 loss_curve.png
2026-10-09 11:25:34,200 - ==================================================
