2026-10-09 11:27:03,427 - ==================================================
2026-10-09 11:27:03,427 - 线性回归任务开始
2026-10-09 11:27:03,427 - 数据量: 100 个样本
2026-10-09 11:27:03,427 - 真实参数: 偏置=4.00, 斜率=3.00
2026-10-09 11:27:03,428 - 开始训练，学习率=0.5，迭代次数=1000
2026-10-09 11:27:03,431 - 第100轮: loss=8696839.5796, theta=[-1354.0715, -1535.5880]
2026-10-09 11:27:03,433 - 第200轮: loss=2579493456632.9648, theta=[-739733.7484, -837804.1408]
2026-10-09 11:27:03,436 - 第300轮: loss=765081044558873600.0000, theta=[-402869517.6686, -456278958.5564]
2026-10-09 11:27:03,438 - 第400轮: loss=226924012246784903479296.0000, theta=[-219407222115.6112, -248494596829.1527]
2026-10-09 11:27:03,461 - 第500轮: loss=67305951049760253472782942208.0000, theta=[-119491613297650.1406, -135332921060272.5000]
2026-10-09 11:27:03,463 - 第600轮: loss=19963030804277117356942624594853888.0000, theta=[-65076461524490368.0000, -73703813910668704.0000]
2026-10-09 11:27:03,466 - 第700轮: loss=5921060362075319960700704290134598615040.0000, theta=[-35441364692258373632.0000, -40139916750625906688.0000]
2026-10-09 11:27:03,469 - 第800轮: loss=1756194044635148491154926749945885548821348352.0000, theta=[-19301761371536002908160.0000, -21860645077336419467264.0000]
2026-10-09 11:27:03,471 - 第900轮: loss=520889390381240405371625532003252314273974994337792.0000, theta=[-10511953906930060317687808.0000, -11905550431661498084360192.0000]
2026-10-09 11:27:03,473 - 第1000轮: loss=154496456607740253711998894324182589821532498538121920512.0000, theta=[-5724927006111349797709414400.0000, -6483895172324310584003657728.0000]
2026-10-09 11:27:03,474 - --------------------------------------------------
2026-10-09 11:27:03,474 - 训练结束
2026-10-09 11:27:03,474 - 学到的参数: 偏置=-5724927006111349797709414400.0000, 斜率=-6483895172324310584003657728.0000
2026-10-09 11:27:03,474 - 真实参数:   偏置=4.0000, 斜率=3.0000
2026-10-09 11:27:03,474 - 最终损失: 154496456607740253711998894324182589821532498538121920512.0000
2026-10-09 11:27:03,926 - 损失曲线已保存为 loss_curve.png
2026-10-09 11:27:03,926 - ==================================================
